// Jest Snapshot v1, https://goo.gl/fbAQLP

exports[`Storyshots Task Completed 1`] = `
<div
  className="container"
>
  <div
    className="task"
    data-test="task"
  >
    <button
      className="task__btn task__btn--toggle completed"
      data-test="task-toggle-btn"
      onClick={[Function]}
    >
      <svg
        className="task__icon"
        height="100%"
        style={Object {}}
        viewBox="0 0 512 512"
        width="100%"
        xmlns="http://www.w3.org/2000/svg"
        xmlnsXlink="http://www.w3.org/1999/xlink"
      >
        <path
          d="M504.502,75.496c-9.997-9.998-26.205-9.998-36.204,0L161.594,382.203L43.702,264.311c-9.997-9.998-26.205-9.997-36.204,0 c-9.998,9.997-9.998,26.205,0,36.203l135.994,135.992c9.994,9.997,26.214,9.99,36.204,0L504.502,111.7 C514.5,101.703,514.499,85.494,504.502,75.496z"
          fill="#000"
        />
      </svg>
    </button>
    <p
      className="task__title completed"
      data-test="task-title"
    >
      My awesome task
    </p>
    <button
      className="task__btn task__btn--remove"
      data-test="task-remove-btn"
      onClick={[Function]}
    >
      <svg
        className="task__icon"
        height="100%"
        style={Object {}}
        viewBox="0 0 512.001 512.001"
        width="100%"
        xmlns="http://www.w3.org/2000/svg"
        xmlnsXlink="http://www.w3.org/1999/xlink"
      >
        <path
          d="M294.111,256.001L504.109,46.003c10.523-10.524,10.523-27.586,0-38.109c-10.524-10.524-27.587-10.524-38.11,0L256,217.892 L46.002,7.894c-10.524-10.524-27.586-10.524-38.109,0s-10.524,27.586,0,38.109l209.998,209.998L7.893,465.999 c-10.524,10.524-10.524,27.586,0,38.109c10.524,10.524,27.586,10.523,38.109,0L256,294.11l209.997,209.998 c10.524,10.524,27.587,10.523,38.11,0c10.523-10.524,10.523-27.586,0-38.109L294.111,256.001z"
        />
      </svg>
    </button>
  </div>
</div>
`;

exports[`Storyshots Task Default 1`] = `
<div
  className="container"
>
  <div
    className="task"
    data-test="task"
  >
    <button
      className="task__btn task__btn--toggle"
      data-test="task-toggle-btn"
      onClick={[Function]}
    >
      <svg
        className="task__icon"
        height="100%"
        style={Object {}}
        viewBox="0 0 512 512"
        width="100%"
        xmlns="http://www.w3.org/2000/svg"
        xmlnsXlink="http://www.w3.org/1999/xlink"
      >
        <path
          d="M504.502,75.496c-9.997-9.998-26.205-9.998-36.204,0L161.594,382.203L43.702,264.311c-9.997-9.998-26.205-9.997-36.204,0 c-9.998,9.997-9.998,26.205,0,36.203l135.994,135.992c9.994,9.997,26.214,9.99,36.204,0L504.502,111.7 C514.5,101.703,514.499,85.494,504.502,75.496z"
          fill="#000"
        />
      </svg>
    </button>
    <p
      className="task__title"
      data-test="task-title"
    >
      My awesome task
    </p>
    <button
      className="task__btn task__btn--remove"
      data-test="task-remove-btn"
      onClick={[Function]}
    >
      <svg
        className="task__icon"
        height="100%"
        style={Object {}}
        viewBox="0 0 512.001 512.001"
        width="100%"
        xmlns="http://www.w3.org/2000/svg"
        xmlnsXlink="http://www.w3.org/1999/xlink"
      >
        <path
          d="M294.111,256.001L504.109,46.003c10.523-10.524,10.523-27.586,0-38.109c-10.524-10.524-27.587-10.524-38.11,0L256,217.892 L46.002,7.894c-10.524-10.524-27.586-10.524-38.109,0s-10.524,27.586,0,38.109l209.998,209.998L7.893,465.999 c-10.524,10.524-10.524,27.586,0,38.109c10.524,10.524,27.586,10.523,38.109,0L256,294.11l209.997,209.998 c10.524,10.524,27.587,10.523,38.11,0c10.523-10.524,10.523-27.586,0-38.109L294.111,256.001z"
        />
      </svg>
    </button>
  </div>
</div>
`;

exports[`Storyshots Task Long Title 1`] = `
<div
  className="container"
>
  <div
    className="task"
    data-test="task"
  >
    <button
      className="task__btn task__btn--toggle"
      data-test="task-toggle-btn"
      onClick={[Function]}
    >
      <svg
        className="task__icon"
        height="100%"
        style={Object {}}
        viewBox="0 0 512 512"
        width="100%"
        xmlns="http://www.w3.org/2000/svg"
        xmlnsXlink="http://www.w3.org/1999/xlink"
      >
        <path
          d="M504.502,75.496c-9.997-9.998-26.205-9.998-36.204,0L161.594,382.203L43.702,264.311c-9.997-9.998-26.205-9.997-36.204,0 c-9.998,9.997-9.998,26.205,0,36.203l135.994,135.992c9.994,9.997,26.214,9.99,36.204,0L504.502,111.7 C514.5,101.703,514.499,85.494,504.502,75.496z"
          fill="#000"
        />
      </svg>
    </button>
    <p
      className="task__title"
      data-test="task-title"
    >
      Very long title. Very long title. Very long title. Very long title. Very long title. Very long title. Very long title. Very long title. Very long title. Very long title. Very long title. Very long title. Very long title. Very long title. Very long title. Very long title. Very long title. Very long title. Very long title. Very long title.
    </p>
    <button
      className="task__btn task__btn--remove"
      data-test="task-remove-btn"
      onClick={[Function]}
    >
      <svg
        className="task__icon"
        height="100%"
        style={Object {}}
        viewBox="0 0 512.001 512.001"
        width="100%"
        xmlns="http://www.w3.org/2000/svg"
        xmlnsXlink="http://www.w3.org/1999/xlink"
      >
        <path
          d="M294.111,256.001L504.109,46.003c10.523-10.524,10.523-27.586,0-38.109c-10.524-10.524-27.587-10.524-38.11,0L256,217.892 L46.002,7.894c-10.524-10.524-27.586-10.524-38.109,0s-10.524,27.586,0,38.109l209.998,209.998L7.893,465.999 c-10.524,10.524-10.524,27.586,0,38.109c10.524,10.524,27.586,10.523,38.109,0L256,294.11l209.997,209.998 c10.524,10.524,27.587,10.523,38.11,0c10.523-10.524,10.523-27.586,0-38.109L294.111,256.001z"
        />
      </svg>
    </button>
  </div>
</div>
`;

exports[`Storyshots TaskList No Tasks 1`] = `
<div
  className="container"
>
  <p
    data-test="task-list-empty"
  >
    You have no tasks
  </p>
</div>
`;

exports[`Storyshots TaskList With Completed Tasks 1`] = `
<div
  className="container"
>
  <ul
    className="task-list"
    data-test="task-list"
  >
    <li
      className="task-list__item"
      data-test="task-list-item"
    >
      <div
        className="task"
        data-test="task"
      >
        <button
          className="task__btn task__btn--toggle"
          data-test="task-toggle-btn"
          onClick={[Function]}
        >
          <svg
            className="task__icon"
            height="100%"
            style={Object {}}
            viewBox="0 0 512 512"
            width="100%"
            xmlns="http://www.w3.org/2000/svg"
            xmlnsXlink="http://www.w3.org/1999/xlink"
          >
            <path
              d="M504.502,75.496c-9.997-9.998-26.205-9.998-36.204,0L161.594,382.203L43.702,264.311c-9.997-9.998-26.205-9.997-36.204,0 c-9.998,9.997-9.998,26.205,0,36.203l135.994,135.992c9.994,9.997,26.214,9.99,36.204,0L504.502,111.7 C514.5,101.703,514.499,85.494,504.502,75.496z"
              fill="#000"
            />
          </svg>
        </button>
        <p
          className="task__title"
          data-test="task-title"
        >
          One
        </p>
        <button
          className="task__btn task__btn--remove"
          data-test="task-remove-btn"
          onClick={[Function]}
        >
          <svg
            className="task__icon"
            height="100%"
            style={Object {}}
            viewBox="0 0 512.001 512.001"
            width="100%"
            xmlns="http://www.w3.org/2000/svg"
            xmlnsXlink="http://www.w3.org/1999/xlink"
          >
            <path
              d="M294.111,256.001L504.109,46.003c10.523-10.524,10.523-27.586,0-38.109c-10.524-10.524-27.587-10.524-38.11,0L256,217.892 L46.002,7.894c-10.524-10.524-27.586-10.524-38.109,0s-10.524,27.586,0,38.109l209.998,209.998L7.893,465.999 c-10.524,10.524-10.524,27.586,0,38.109c10.524,10.524,27.586,10.523,38.109,0L256,294.11l209.997,209.998 c10.524,10.524,27.587,10.523,38.11,0c10.523-10.524,10.523-27.586,0-38.109L294.111,256.001z"
            />
          </svg>
        </button>
      </div>
    </li>
    <li
      className="task-list__item"
      data-test="task-list-item"
    >
      <div
        className="task"
        data-test="task"
      >
        <button
          className="task__btn task__btn--toggle"
          data-test="task-toggle-btn"
          onClick={[Function]}
        >
          <svg
            className="task__icon"
            height="100%"
            style={Object {}}
            viewBox="0 0 512 512"
            width="100%"
            xmlns="http://www.w3.org/2000/svg"
            xmlnsXlink="http://www.w3.org/1999/xlink"
          >
            <path
              d="M504.502,75.496c-9.997-9.998-26.205-9.998-36.204,0L161.594,382.203L43.702,264.311c-9.997-9.998-26.205-9.997-36.204,0 c-9.998,9.997-9.998,26.205,0,36.203l135.994,135.992c9.994,9.997,26.214,9.99,36.204,0L504.502,111.7 C514.5,101.703,514.499,85.494,504.502,75.496z"
              fill="#000"
            />
          </svg>
        </button>
        <p
          className="task__title"
          data-test="task-title"
        >
          Two
        </p>
        <button
          className="task__btn task__btn--remove"
          data-test="task-remove-btn"
          onClick={[Function]}
        >
          <svg
            className="task__icon"
            height="100%"
            style={Object {}}
            viewBox="0 0 512.001 512.001"
            width="100%"
            xmlns="http://www.w3.org/2000/svg"
            xmlnsXlink="http://www.w3.org/1999/xlink"
          >
            <path
              d="M294.111,256.001L504.109,46.003c10.523-10.524,10.523-27.586,0-38.109c-10.524-10.524-27.587-10.524-38.11,0L256,217.892 L46.002,7.894c-10.524-10.524-27.586-10.524-38.109,0s-10.524,27.586,0,38.109l209.998,209.998L7.893,465.999 c-10.524,10.524-10.524,27.586,0,38.109c10.524,10.524,27.586,10.523,38.109,0L256,294.11l209.997,209.998 c10.524,10.524,27.587,10.523,38.11,0c10.523-10.524,10.523-27.586,0-38.109L294.111,256.001z"
            />
          </svg>
        </button>
      </div>
    </li>
    <li
      className="task-list__item"
      data-test="task-list-item"
    >
      <div
        className="task"
        data-test="task"
      >
        <button
          className="task__btn task__btn--toggle completed"
          data-test="task-toggle-btn"
          onClick={[Function]}
        >
          <svg
            className="task__icon"
            height="100%"
            style={Object {}}
            viewBox="0 0 512 512"
            width="100%"
            xmlns="http://www.w3.org/2000/svg"
            xmlnsXlink="http://www.w3.org/1999/xlink"
          >
            <path
              d="M504.502,75.496c-9.997-9.998-26.205-9.998-36.204,0L161.594,382.203L43.702,264.311c-9.997-9.998-26.205-9.997-36.204,0 c-9.998,9.997-9.998,26.205,0,36.203l135.994,135.992c9.994,9.997,26.214,9.99,36.204,0L504.502,111.7 C514.5,101.703,514.499,85.494,504.502,75.496z"
              fill="#000"
            />
          </svg>
        </button>
        <p
          className="task__title completed"
          data-test="task-title"
        >
          Three
        </p>
        <button
          className="task__btn task__btn--remove"
          data-test="task-remove-btn"
          onClick={[Function]}
        >
          <svg
            className="task__icon"
            height="100%"
            style={Object {}}
            viewBox="0 0 512.001 512.001"
            width="100%"
            xmlns="http://www.w3.org/2000/svg"
            xmlnsXlink="http://www.w3.org/1999/xlink"
          >
            <path
              d="M294.111,256.001L504.109,46.003c10.523-10.524,10.523-27.586,0-38.109c-10.524-10.524-27.587-10.524-38.11,0L256,217.892 L46.002,7.894c-10.524-10.524-27.586-10.524-38.109,0s-10.524,27.586,0,38.109l209.998,209.998L7.893,465.999 c-10.524,10.524-10.524,27.586,0,38.109c10.524,10.524,27.586,10.523,38.109,0L256,294.11l209.997,209.998 c10.524,10.524,27.587,10.523,38.11,0c10.523-10.524,10.523-27.586,0-38.109L294.111,256.001z"
            />
          </svg>
        </button>
      </div>
    </li>
    <li
      className="task-list__item"
      data-test="task-list-item"
    >
      <div
        className="task"
        data-test="task"
      >
        <button
          className="task__btn task__btn--toggle completed"
          data-test="task-toggle-btn"
          onClick={[Function]}
        >
          <svg
            className="task__icon"
            height="100%"
            style={Object {}}
            viewBox="0 0 512 512"
            width="100%"
            xmlns="http://www.w3.org/2000/svg"
            xmlnsXlink="http://www.w3.org/1999/xlink"
          >
            <path
              d="M504.502,75.496c-9.997-9.998-26.205-9.998-36.204,0L161.594,382.203L43.702,264.311c-9.997-9.998-26.205-9.997-36.204,0 c-9.998,9.997-9.998,26.205,0,36.203l135.994,135.992c9.994,9.997,26.214,9.99,36.204,0L504.502,111.7 C514.5,101.703,514.499,85.494,504.502,75.496z"
              fill="#000"
            />
          </svg>
        </button>
        <p
          className="task__title completed"
          data-test="task-title"
        >
          Four
        </p>
        <button
          className="task__btn task__btn--remove"
          data-test="task-remove-btn"
          onClick={[Function]}
        >
          <svg
            className="task__icon"
            height="100%"
            style={Object {}}
            viewBox="0 0 512.001 512.001"
            width="100%"
            xmlns="http://www.w3.org/2000/svg"
            xmlnsXlink="http://www.w3.org/1999/xlink"
          >
            <path
              d="M294.111,256.001L504.109,46.003c10.523-10.524,10.523-27.586,0-38.109c-10.524-10.524-27.587-10.524-38.11,0L256,217.892 L46.002,7.894c-10.524-10.524-27.586-10.524-38.109,0s-10.524,27.586,0,38.109l209.998,209.998L7.893,465.999 c-10.524,10.524-10.524,27.586,0,38.109c10.524,10.524,27.586,10.523,38.109,0L256,294.11l209.997,209.998 c10.524,10.524,27.587,10.523,38.11,0c10.523-10.524,10.523-27.586,0-38.109L294.111,256.001z"
            />
          </svg>
        </button>
      </div>
    </li>
  </ul>
</div>
`;

exports[`Storyshots TaskList With Tasks 1`] = `
<div
  className="container"
>
  <ul
    className="task-list"
    data-test="task-list"
  >
    <li
      className="task-list__item"
      data-test="task-list-item"
    >
      <div
        className="task"
        data-test="task"
      >
        <button
          className="task__btn task__btn--toggle"
          data-test="task-toggle-btn"
          onClick={[Function]}
        >
          <svg
            className="task__icon"
            height="100%"
            style={Object {}}
            viewBox="0 0 512 512"
            width="100%"
            xmlns="http://www.w3.org/2000/svg"
            xmlnsXlink="http://www.w3.org/1999/xlink"
          >
            <path
              d="M504.502,75.496c-9.997-9.998-26.205-9.998-36.204,0L161.594,382.203L43.702,264.311c-9.997-9.998-26.205-9.997-36.204,0 c-9.998,9.997-9.998,26.205,0,36.203l135.994,135.992c9.994,9.997,26.214,9.99,36.204,0L504.502,111.7 C514.5,101.703,514.499,85.494,504.502,75.496z"
              fill="#000"
            />
          </svg>
        </button>
        <p
          className="task__title"
          data-test="task-title"
        >
          One
        </p>
        <button
          className="task__btn task__btn--remove"
          data-test="task-remove-btn"
          onClick={[Function]}
        >
          <svg
            className="task__icon"
            height="100%"
            style={Object {}}
            viewBox="0 0 512.001 512.001"
            width="100%"
            xmlns="http://www.w3.org/2000/svg"
            xmlnsXlink="http://www.w3.org/1999/xlink"
          >
            <path
              d="M294.111,256.001L504.109,46.003c10.523-10.524,10.523-27.586,0-38.109c-10.524-10.524-27.587-10.524-38.11,0L256,217.892 L46.002,7.894c-10.524-10.524-27.586-10.524-38.109,0s-10.524,27.586,0,38.109l209.998,209.998L7.893,465.999 c-10.524,10.524-10.524,27.586,0,38.109c10.524,10.524,27.586,10.523,38.109,0L256,294.11l209.997,209.998 c10.524,10.524,27.587,10.523,38.11,0c10.523-10.524,10.523-27.586,0-38.109L294.111,256.001z"
            />
          </svg>
        </button>
      </div>
    </li>
    <li
      className="task-list__item"
      data-test="task-list-item"
    >
      <div
        className="task"
        data-test="task"
      >
        <button
          className="task__btn task__btn--toggle"
          data-test="task-toggle-btn"
          onClick={[Function]}
        >
          <svg
            className="task__icon"
            height="100%"
            style={Object {}}
            viewBox="0 0 512 512"
            width="100%"
            xmlns="http://www.w3.org/2000/svg"
            xmlnsXlink="http://www.w3.org/1999/xlink"
          >
            <path
              d="M504.502,75.496c-9.997-9.998-26.205-9.998-36.204,0L161.594,382.203L43.702,264.311c-9.997-9.998-26.205-9.997-36.204,0 c-9.998,9.997-9.998,26.205,0,36.203l135.994,135.992c9.994,9.997,26.214,9.99,36.204,0L504.502,111.7 C514.5,101.703,514.499,85.494,504.502,75.496z"
              fill="#000"
            />
          </svg>
        </button>
        <p
          className="task__title"
          data-test="task-title"
        >
          Two
        </p>
        <button
          className="task__btn task__btn--remove"
          data-test="task-remove-btn"
          onClick={[Function]}
        >
          <svg
            className="task__icon"
            height="100%"
            style={Object {}}
            viewBox="0 0 512.001 512.001"
            width="100%"
            xmlns="http://www.w3.org/2000/svg"
            xmlnsXlink="http://www.w3.org/1999/xlink"
          >
            <path
              d="M294.111,256.001L504.109,46.003c10.523-10.524,10.523-27.586,0-38.109c-10.524-10.524-27.587-10.524-38.11,0L256,217.892 L46.002,7.894c-10.524-10.524-27.586-10.524-38.109,0s-10.524,27.586,0,38.109l209.998,209.998L7.893,465.999 c-10.524,10.524-10.524,27.586,0,38.109c10.524,10.524,27.586,10.523,38.109,0L256,294.11l209.997,209.998 c10.524,10.524,27.587,10.523,38.11,0c10.523-10.524,10.523-27.586,0-38.109L294.111,256.001z"
            />
          </svg>
        </button>
      </div>
    </li>
    <li
      className="task-list__item"
      data-test="task-list-item"
    >
      <div
        className="task"
        data-test="task"
      >
        <button
          className="task__btn task__btn--toggle"
          data-test="task-toggle-btn"
          onClick={[Function]}
        >
          <svg
            className="task__icon"
            height="100%"
            style={Object {}}
            viewBox="0 0 512 512"
            width="100%"
            xmlns="http://www.w3.org/2000/svg"
            xmlnsXlink="http://www.w3.org/1999/xlink"
          >
            <path
              d="M504.502,75.496c-9.997-9.998-26.205-9.998-36.204,0L161.594,382.203L43.702,264.311c-9.997-9.998-26.205-9.997-36.204,0 c-9.998,9.997-9.998,26.205,0,36.203l135.994,135.992c9.994,9.997,26.214,9.99,36.204,0L504.502,111.7 C514.5,101.703,514.499,85.494,504.502,75.496z"
              fill="#000"
            />
          </svg>
        </button>
        <p
          className="task__title"
          data-test="task-title"
        >
          Three
        </p>
        <button
          className="task__btn task__btn--remove"
          data-test="task-remove-btn"
          onClick={[Function]}
        >
          <svg
            className="task__icon"
            height="100%"
            style={Object {}}
            viewBox="0 0 512.001 512.001"
            width="100%"
            xmlns="http://www.w3.org/2000/svg"
            xmlnsXlink="http://www.w3.org/1999/xlink"
          >
            <path
              d="M294.111,256.001L504.109,46.003c10.523-10.524,10.523-27.586,0-38.109c-10.524-10.524-27.587-10.524-38.11,0L256,217.892 L46.002,7.894c-10.524-10.524-27.586-10.524-38.109,0s-10.524,27.586,0,38.109l209.998,209.998L7.893,465.999 c-10.524,10.524-10.524,27.586,0,38.109c10.524,10.524,27.586,10.523,38.109,0L256,294.11l209.997,209.998 c10.524,10.524,27.587,10.523,38.11,0c10.523-10.524,10.523-27.586,0-38.109L294.111,256.001z"
            />
          </svg>
        </button>
      </div>
    </li>
  </ul>
</div>
`;
